
=== ksize=3 ===
D:\Ai-development\ppt-automation\image_enhancer\.venv\lib\site-packages\timm\models\layers\__init__.py:49: FutureWarning: Importing from timm.models.layers is deprecated, please import via timm.layers
  warnings.warn(f"Importing from {__name__} is deprecated, please import via timm.layers", FutureWarning)
D:\Ai-development\ppt-automation\image_enhancer\.venv\lib\site-packages\torch\functional.py:504: UserWarning: torch.meshgrid: in an upcoming release, it will be required to pass the indexing argument. (Triggered internally at C:\actions-runner\_work\pytorch\pytorch\aten\src\ATen\native\TensorShape.cpp:4223.)
  return _VF.meshgrid(tensors, **kwargs)  # type: ignore[attr-defined]
1.jpeg           active=16.00%  local_range med= 21.0 p90= 40.0 p99= 60.0 max=100.0  |  dL med=18.51 p90= 108.0 max= 108.0 mean= 36.6  |  tighter14=75.74%  range>14=81.71%  range>28=28.14%
2.jpeg           active=17.18%  local_range med= 35.0 p90= 66.0 p99= 98.0 max=154.0  |  dL med=29.26 p90= 108.0 max= 108.0 mean=42.68  |  tighter14=47.66%  range>14=100.0%  range>28=67.97%
3.jpeg           active=15.00%  local_range med= 33.0 p90= 68.0 p99=106.0 max=165.0  |  dL med= 24.7 p90= 108.0 max= 108.0 mean=40.66  |  tighter14=53.72%  range>14=100.0%  range>28=62.01%
4.jpeg           active=10.61%  local_range med= 39.0 p90= 85.0 p99=133.0 max=199.0  |  dL med=27.87 p90= 108.0 max= 108.0 mean=44.31  |  tighter14=45.08%  range>14=100.0%  range>28=72.16%
5.jpeg           active=11.29%  local_range med= 58.0 p90=114.0 p99=165.0 max=234.0  |  dL med=33.98 p90= 108.0 max= 108.0 mean=47.76  |  tighter14=24.13%  range>14=100.0%  range>28=97.26%
6.jpeg           active=16.79%  local_range med= 31.0 p90= 59.0 p99= 87.0 max=134.0  |  dL med= 20.5 p90= 108.0 max= 108.0 mean=37.86  |  tighter14= 54.1%  range>14=99.94%  range>28=56.22%
mumbai-01.jpeg   active=16.35%  local_range med= 19.0 p90= 40.0 p99= 63.0 max=108.0  |  dL med=12.05 p90=104.25 max= 108.0 mean=30.01  |  tighter14=80.87%  range>14=72.87%  range>28=23.96%

=== ksize=5 ===
1.jpeg           active=16.00%  local_range med= 41.0 p90= 75.0 p99=109.0 max=175.0  |  dL med=18.51 p90= 108.0 max= 108.0 mean= 36.6  |  tighter14=42.31%  range>14=99.99%  range>28= 80.1%
2.jpeg           active=17.18%  local_range med= 65.0 p90=116.0 p99=166.0 max=243.0  |  dL med=29.26 p90= 108.0 max= 108.0 mean=42.68  |  tighter14=24.26%  range>14=100.0%  range>28=99.45%
3.jpeg           active=15.00%  local_range med= 60.0 p90=117.0 p99=174.0 max=249.0  |  dL med= 24.7 p90= 108.0 max= 108.0 mean=40.66  |  tighter14=30.65%  range>14=100.0%  range>28=97.67%
4.jpeg           active=10.61%  local_range med= 74.0 p90=146.0 p99=210.0 max=255.0  |  dL med=27.87 p90= 108.0 max= 108.0 mean=44.31  |  tighter14=24.61%  range>14=100.0%  range>28=99.27%
5.jpeg           active=11.29%  local_range med=106.0 p90=189.0 p99=243.0 max=255.0  |  dL med=33.98 p90= 108.0 max= 108.0 mean=47.76  |  tighter14=15.98%  range>14=100.0%  range>28=99.99%
6.jpeg           active=16.79%  local_range med= 58.0 p90=107.0 p99=154.0 max=224.0  |  dL med= 20.5 p90= 108.0 max= 108.0 mean=37.86  |  tighter14=24.58%  range>14=100.0%  range>28=98.24%
mumbai-01.jpeg   active=16.35%  local_range med= 36.0 p90= 72.0 p99=110.0 max=182.0  |  dL med=12.05 p90=104.25 max= 108.0 mean=30.01  |  tighter14= 55.3%  range>14=99.83%  range>28=69.15%

=== ksize=7 ===
1.jpeg           active=16.00%  local_range med= 58.0 p90=103.0 p99=146.0 max=217.0  |  dL med=18.51 p90= 108.0 max= 108.0 mean= 36.6  |  tighter14=29.15%  range>14=100.0%  range>28=96.62%
2.jpeg           active=17.18%  local_range med= 86.0 p90=149.0 p99=204.0 max=255.0  |  dL med=29.26 p90= 108.0 max= 108.0 mean=42.68  |  tighter14= 20.4%  range>14=100.0%  range>28=99.82%
3.jpeg           active=15.00%  local_range med= 80.0 p90=150.0 p99=207.0 max=255.0  |  dL med= 24.7 p90= 108.0 max= 108.0 mean=40.66  |  tighter14=25.75%  range>14=100.0%  range>28=99.17%
4.jpeg           active=10.61%  local_range med=100.0 p90=184.0 p99=240.0 max=255.0  |  dL med=27.87 p90= 108.0 max= 108.0 mean=44.31  |  tighter14=20.66%  range>14=100.0%  range>28=99.76%
5.jpeg           active=11.29%  local_range med=141.0 p90=228.0 p99=255.0 max=255.0  |  dL med=33.98 p90= 108.0 max= 108.0 mean=47.76  |  tighter14=14.41%  range>14=100.0%  range>28=100.0%
6.jpeg           active=16.79%  local_range med= 80.0 p90=142.0 p99=196.0 max=253.0  |  dL med= 20.5 p90= 108.0 max= 108.0 mean=37.86  |  tighter14=19.07%  range>14=100.0%  range>28=99.62%
mumbai-01.jpeg   active=16.35%  local_range med= 50.0 p90= 95.0 p99=138.0 max=209.0  |  dL med=12.05 p90=104.25 max= 108.0 mean=30.01  |  tighter14=42.23%  range>14=99.91%  range>28=90.11%
