device: cuda
images: ['1.jpeg', '4.jpeg', '5.jpeg', 'mumbai-01.jpeg']

== 1.jpeg ==
D:\Ai-development\ppt-automation\image_enhancer\.venv\lib\site-packages\timm\models\layers\__init__.py:49: FutureWarning: Importing from timm.models.layers is deprecated, please import via timm.layers
  warnings.warn(f"Importing from {__name__} is deprecated, please import via timm.layers", FutureWarning)
D:\Ai-development\ppt-automation\image_enhancer\.venv\lib\site-packages\torch\functional.py:504: UserWarning: torch.meshgrid: in an upcoming release, it will be required to pass the indexing argument. (Triggered internally at C:\actions-runner\_work\pytorch\pytorch\aten\src\ATen\native\TensorShape.cpp:4223.)
  return _VF.meshgrid(tensors, **kwargs)  # type: ignore[attr-defined]
variant                   psnr    ssim   hist  e_align    sharp  noise   gain   pdiff    pct%   rt_s
baseline                33.177  0.9558 0.9338   0.9999    118.9  1.271  28.56  2.3146  17.155   1.63
self_env_k3             32.879  0.9606 0.9335      1.0    130.1  1.271  31.25  2.2281  17.175   1.38
self_env_k5_cap10       35.404  0.9695 0.9353   0.9999     76.8  1.271  18.43  1.8909  17.035   1.43
hybrid_50               31.385  0.9455 0.9318      1.0    155.0  1.271  37.22  2.6254  17.162   1.45

== 4.jpeg ==
variant                   psnr    ssim   hist  e_align    sharp  noise   gain   pdiff    pct%   rt_s
baseline                33.595  0.9778  0.912   0.9996    201.8  0.748   9.74  1.8125   11.89   1.32
self_env_k3             30.694  0.9699 0.9099      1.0    395.6  0.748   19.1  2.2244  11.862   1.13
self_env_k5_cap10       35.426  0.9838 0.9126   0.9995    145.8  0.748   7.04  1.5126  11.484   1.09
hybrid_50               30.813  0.9686 0.9098   0.9998    362.8  0.748  17.51  2.2452  11.906   1.12

== 5.jpeg ==
variant                   psnr    ssim   hist  e_align    sharp  noise   gain   pdiff    pct%   rt_s
baseline                32.978  0.9841 0.9372      1.0    292.2  1.318   6.06  2.0088  12.133   1.36
self_env_k3             28.407  0.9702 0.9329      1.0    755.9  1.318  15.68  2.9381  12.127   1.46
self_env_k5_cap10       34.575  0.9879  0.938      1.0    224.0  1.318   4.65  1.7126  11.671   1.39
hybrid_50               29.361  0.9734 0.9342      1.0    596.1  1.318  12.37   2.714  12.141   1.46

== mumbai-01.jpeg ==
variant                   psnr    ssim   hist  e_align    sharp  noise   gain   pdiff    pct%   rt_s
baseline                33.412  0.9562 0.9532   0.9945    139.6  2.399  20.88  2.0194  14.383   1.39
self_env_k3              33.42  0.9629 0.9533   0.9993    146.6  2.418  21.93  1.8786  14.369   1.42
self_env_k5_cap10       35.625  0.9702 0.9546   0.9921     91.0  2.418  13.61  1.6222   14.13   1.46
hybrid_50               32.168  0.9497 0.9521   0.9982    170.4  2.399  25.48  2.1889  14.359   1.47
